[2m2025-06-21T11:04:38.188695Z[0m [31mERROR[0m [2mzebar[0m[2m:[0m Failed to parse JSON from file: C:\Users\JSpedding\.glzr/zebar\settings.json

Caused by:
    missing field `pack` at line 11 column 2
[2m2025-07-01T22:16:45.679157Z[0m [31mERROR[0m [2mzebar[0m[2m:[0m Failed to parse JSON from file: C:\Users\JSpedding\.glzr/zebar\settings.json

Caused by:
    duplicate field `widget` at line 7 column 11
[2m2025-07-01T22:17:02.751182Z[0m [31mERROR[0m [2mzebar[0m[2m:[0m Failed to parse JSON from file: C:\Users\JSpedding\.glzr/zebar\settings.json

Caused by:
    duplicate field `widget` at line 7 column 11
[2m2025-07-01T22:17:48.417411Z[0m [31mERROR[0m [2mzebar[0m[2m:[0m Failed to parse JSON from file: C:\Users\JSpedding\.glzr/zebar\settings.json

Caused by:
    duplicate field `widget` at line 7 column 11
[2m2025-07-01T22:31:54.631745Z[0m [31mERROR[0m [2mzebar[0m[2m:[0m Failed to parse JSON from file: C:\Users\JSpedding\.glzr/zebar\settings.json

Caused by:
    duplicate field `widget` at line 7 column 11
[2m2025-07-01T22:32:28.948679Z[0m [31mERROR[0m [2mzebar[0m[2m:[0m Failed to parse JSON from file: C:\Users\JSpedding\.glzr/zebar\settings.json

Caused by:
    duplicate field `widget` at line 7 column 11
[2m2025-07-01T22:33:21.887158Z[0m [31mERROR[0m [2mzebar[0m[2m:[0m Failed to parse JSON from file: C:\Users\JSpedding\.glzr/zebar\settings.json

Caused by:
    duplicate field `widget` at line 7 column 11
[2m2025-09-10T22:33:54.794724Z[0m [31mERROR[0m [2mzebar[0m[2m:[0m tray icon error: Unspecified error (os error -2147467259)

Caused by:
    Unspecified error (os error -2147467259)
[2m2025-09-10T22:33:54.815406Z[0m [31mERROR[0m [2mzebar::providers::provider_manager[0m[2m:[0m Error sending provider result: channel closed
[2m2025-09-10T22:33:54.891047Z[0m [31mERROR[0m [2mzebar::providers::provider_manager[0m[2m:[0m Error sending provider result: channel closed
[2m2025-09-10T22:33:59.723082Z[0m [31mERROR[0m [2mzebar::providers::provider_manager[0m[2m:[0m Error sending provider result: channel closed
[2m2025-09-10T22:33:59.723644Z[0m [31mERROR[0m [2mzebar::providers::provider_manager[0m[2m:[0m Error sending provider result: channel closed
[2m2025-09-10T22:33:59.982708Z[0m [31mERROR[0m [2mzebar::providers::provider_manager[0m[2m:[0m Error sending provider result: channel closed
[2m2025-09-10T22:34:04.720546Z[0m [31mERROR[0m [2mzebar::providers::provider_manager[0m[2m:[0m Error sending provider result: channel closed
[2m2025-09-10T22:34:04.720880Z[0m [31mERROR[0m [2mzebar::providers::provider_manager[0m[2m:[0m Error sending provider result: channel closed
[2m2025-09-10T22:34:04.868057Z[0m [31mERROR[0m [2mzebar::providers::provider_manager[0m[2m:[0m Error sending provider result: channel closed
[2m2025-09-10T22:34:09.708909Z[0m [31mERROR[0m [2mzebar::providers::provider_manager[0m[2m:[0m Error sending provider result: channel closed
[2m2025-09-10T22:34:09.716483Z[0m [31mERROR[0m [2mzebar::providers::provider_manager[0m[2m:[0m Error sending provider result: channel closed
[2m2025-09-10T22:34:09.869702Z[0m [31mERROR[0m [2mzebar::providers::provider_manager[0m[2m:[0m Error sending provider result: channel closed
[2m2025-09-10T22:34:14.717972Z[0m [31mERROR[0m [2mzebar::providers::provider_manager[0m[2m:[0m Error sending provider result: channel closed
[2m2025-09-10T22:34:14.718211Z[0m [31mERROR[0m [2mzebar::providers::provider_manager[0m[2m:[0m Error sending provider result: channel closed
[2m2025-09-10T22:34:14.913252Z[0m [31mERROR[0m [2mzebar::providers::provider_manager[0m[2m:[0m Error sending provider result: channel closed
[2m2025-09-10T22:34:19.716147Z[0m [31mERROR[0m [2mzebar::providers::provider_manager[0m[2m:[0m Error sending provider result: channel closed
[2m2025-09-10T22:34:19.716362Z[0m [31mERROR[0m [2mzebar::providers::provider_manager[0m[2m:[0m Error sending provider result: channel closed
[2m2025-09-10T22:34:19.840827Z[0m [31mERROR[0m [2mzebar::providers::provider_manager[0m[2m:[0m Error sending provider result: channel closed
[2m2025-09-10T22:34:24.717902Z[0m [31mERROR[0m [2mzebar::providers::provider_manager[0m[2m:[0m Error sending provider result: channel closed
[2m2025-09-10T22:34:24.725160Z[0m [31mERROR[0m [2mzebar::providers::provider_manager[0m[2m:[0m Error sending provider result: channel closed
[2m2025-09-10T22:34:24.870575Z[0m [31mERROR[0m [2mzebar::providers::provider_manager[0m[2m:[0m Error sending provider result: channel closed
[2m2026-05-20T23:43:22.478512Z[0m [31mERROR[0m [2mzebar[0m[2m:[0m Failed to get window handle.

Caused by:
    the underlying handle is not available
[2m2026-07-05T23:37:16.853942Z[0m [31mERROR[0m [2mzebar::widget_factory[0m[2m:[0m Failed to start widget on startup: Failed to get window handle.

Caused by:
    the underlying handle is not available
[2m2026-07-20T08:35:08.485277Z[0m [31mERROR[0m [2mzebar[0m[2m:[0m Failed to get window handle.

Caused by:
    the underlying handle is not available
